python : Creating test database for alias 'default' ('file:memorydb_default?mode=memory&cache=shared')...
At line:1 char:1
+ python manage.py test core.tests.test_cof -v 2 > test_output.txt 2>&1 ...
+ ~~~~~~~~~~~~~~~~~~~~~~~~~~~~~~~~~~~~~~~~~~~~~~~~~~~~~~~~~~~~~~~~~~~~~
    + CategoryInfo          : NotSpecified: (Creating test d...che=shared')...:String) [], RemoteException
    + FullyQualifiedErrorId : NativeCommandError
 

Found 5 test(s).
Operations to perform:
  Synchronize unmigrated apps: messages, staticfiles
  Apply all migrations: admin, auth, contenttypes, core, sessions
Synchronizing apps without migrations:
  Creating tables...
    Running deferred SQL...
Running migrations:
  Applying contenttypes.0001_initial... OK
  Applying auth.0001_initial... OK
  Applying admin.0001_initial... OK
  Applying admin.0002_logentry_remove_auto_add... OK
  Applying admin.0003_logentry_add_action_flag_choices... OK
  Applying contenttypes.0002_remove_content_type_name... OK
  Applying auth.0002_alter_permission_name_max_length... OK
  Applying auth.0003_alter_user_email_max_length... OK
  Applying auth.0004_alter_user_username_opts... OK
  Applying auth.0005_alter_user_last_login_null... OK
  Applying auth.0006_require_contenttypes_0002... OK
  Applying auth.0007_alter_validators_add_error_messages... OK
  Applying auth.0008_alter_user_username_max_length... OK
  Applying auth.0009_alter_user_last_name_max_length... OK
  Applying auth.0010_alter_group_name_max_length... OK
  Applying auth.0011_update_proxy_permissions... OK
  Applying auth.0012_alter_user_first_name_max_length... OK
  Applying core.0001_initial... OK
  Applying core.0002_toolrun... OK
  Applying core.0003_cofworkbook_toolrunfile... OK
  Applying core.0004_toolrunfile_download_name... OK
  Applying core.0005_alter_toolrun_tool... OK
  Applying core.0006_userprofile... OK
  Applying core.0007_alter_toolrun_tool... OK
  Applying core.0008_btplworkbook... OK
  Applying core.0009_userprofile_can_use_btpl... OK
  Applying core.0010_userprofile_can_use_attendance_alter_toolrun_tool_and_more... OK
  Applying core.0011_userprofile_can_use_ftl_alter_toolrun_tool_and_more... OK
test_generate_cof_end_to_end (core.tests.test_cof.COFTestCase.test_generate_cof_end_to_end)
5. generate_cof End-to-End ... ok
test_get_next_cof_info (core.tests.test_cof.COFTestCase.test_get_next_cof_info)
1. get_next_cof_info: Verify correct next COF serial and EFE returned ... ok
test_stale_lock_cleanup (core.tests.test_cof.COFTestCase.test_stale_lock_cleanup)
3. Stale Lock Cleanup: Stale lock removed, acquisition succeeds. ... ok
test_workbook_in_use (core.tests.test_cof.COFTestCase.test_workbook_in_use)
4. WorkbookInUse: Simulate locked workbook ... ERROR
test_workbook_locking (core.tests.test_cof.COFTestCase.test_workbook_locking)
2. Workbook Locking: First lock succeeds, second blocks. ... ok

======================================================================
ERROR: test_workbook_in_use (core.tests.test_cof.COFTestCase.test_workbook_in_use)
4. WorkbookInUse: Simulate locked workbook
----------------------------------------------------------------------
Traceback (most recent call last):
  File "C:\Users\ardcr\AppData\Local\Programs\Python\Python314\Lib\unittest\mock.py", line 1432, in patched
    return func(*newargs, **newkeywargs)
  File "C:\Users\ardcr\Desktop\EcoFleetExpress\core\tests\test_cof.py", line 125, in test_workbook_in_use
    cof.generate_cof(d, self.wb_path)
    ~~~~~~~~~~~~~~~~^^^^^^^^^^^^^^^^^
  File "C:\Users\ardcr\Desktop\EcoFleetExpress\core\cof.py", line 318, in generate_cof
    info = get_next_cof_info(workbook_path)
  File "C:\Users\ardcr\Desktop\EcoFleetExpress\core\cof.py", line 117, in get_next_cof_info
    wb = load_workbook(path, read_only=True)
  File "C:\Users\ardcr\AppData\Local\Programs\Python\Python314\Lib\unittest\mock.py", line 1175, in __call__
    return self._mock_call(*args, **kwargs)
           ~~~~~~~~~~~~~~~^^^^^^^^^^^^^^^^^
  File "C:\Users\ardcr\AppData\Local\Programs\Python\Python314\Lib\unittest\mock.py", line 1179, in _mock_call
    return self._execute_mock_call(*args, **kwargs)
           ~~~~~~~~~~~~~~~~~~~~~~~^^^^^^^^^^^^^^^^^
  File "C:\Users\ardcr\AppData\Local\Programs\Python\Python314\Lib\unittest\mock.py", line 1234, in _execute_mock_call
    raise effect
PermissionError: Permission denied

----------------------------------------------------------------------
Ran 5 tests in 0.367s

FAILED (errors=1)
Destroying test database for alias 'default' ('file:memorydb_default?mode=memory&cache=shared')...

  Applying sessions.0001_initial... OK
System check identified no issues (0 silenced).
